2026-10-07 07:30:09 INFO:	***** Start a BUSCO v5.7.1 analysis, current time: 10/07/2026 07:30:09 *****
2026-10-07 07:30:09 INFO:	Configuring BUSCO with local environment
2026-10-07 07:30:09 INFO:	Running genome mode
2026-10-07 07:30:11 INFO:	***** Start a BUSCO v5.7.1 analysis, current time: 10/07/2026 07:30:11 *****
2026-10-07 07:30:11 INFO:	Configuring BUSCO with local environment
2026-10-07 07:30:11 INFO:	Running genome mode
2026-10-07 07:30:12 INFO:	***** Start a BUSCO v5.7.1 analysis, current time: 10/07/2026 07:30:12 *****
2026-10-07 07:30:12 INFO:	Configuring BUSCO with local environment
2026-10-07 07:30:12 INFO:	Running genome mode
2026-10-07 07:30:12 INFO:	'Force' option selected; overwriting previous results directory
2026-10-07 07:31:11 INFO:	Downloading information on latest versions of BUSCO data...
2026-10-07 07:31:13 INFO:	Input file is /data/users/mvaldivia/genome_assembly_course/assemblies/lja/assembly.fasta
2026-10-07 07:31:17 INFO:	Running BUSCO using lineage dataset brassicales_odb10 (eukaryota, 2024-01-08)
2026-10-07 07:31:17 INFO:	Running 1 job(s) on bbtools, starting at 10/07/2026 07:31:17
2026-10-07 07:31:18 INFO:	[bbtools]	1 of 1 task(s) completed
2026-10-07 07:31:18 INFO:	Running 1 job(s) on miniprot_index, starting at 10/07/2026 07:31:18
2026-10-07 07:31:23 INFO:	[miniprot_index]	1 of 1 task(s) completed
2026-10-07 07:31:23 INFO:	Running 1 job(s) on miniprot_align, starting at 10/07/2026 07:31:23
2026-10-07 07:32:07 INFO:	[miniprot_align]	1 of 1 task(s) completed
2026-10-07 07:32:20 INFO:	***** Run HMMER on gene sequences *****
2026-10-07 07:32:35 INFO:	Running 4596 job(s) on hmmsearch, starting at 10/07/2026 07:32:35
2026-10-07 07:33:02 INFO:	[hmmsearch]	460 of 4596 task(s) completed
2026-10-07 07:33:13 INFO:	[hmmsearch]	920 of 4596 task(s) completed
2026-10-07 07:33:19 INFO:	[hmmsearch]	1379 of 4596 task(s) completed
2026-10-07 07:33:24 INFO:	[hmmsearch]	1839 of 4596 task(s) completed
2026-10-07 07:33:33 INFO:	[hmmsearch]	2299 of 4596 task(s) completed
2026-10-07 07:33:39 INFO:	[hmmsearch]	2758 of 4596 task(s) completed
2026-10-07 07:33:45 INFO:	[hmmsearch]	3218 of 4596 task(s) completed
2026-10-07 07:33:55 INFO:	[hmmsearch]	3677 of 4596 task(s) completed
2026-10-07 07:34:07 INFO:	[hmmsearch]	4137 of 4596 task(s) completed
2026-10-07 07:34:28 INFO:	[hmmsearch]	4596 of 4596 task(s) completed
2026-10-07 07:34:34 INFO:	3 candidate overlapping regions found
2026-10-07 07:34:34 INFO:	31433 exons in total
2026-10-07 07:34:37 WARNING:	46 of 4585 Complete matches (1.0%) contain internal stop codons in Miniprot gene predictions
2026-10-07 07:34:49 INFO:	

    -------------------------------------------------------------------------------------------
    |Results from dataset brassicales_odb10                                                    |
    -------------------------------------------------------------------------------------------
    |C:99.8%[S:98.8%,D:1.0%],F:0.1%,M:0.1%,n:4596,E:1.0%                                       |
    |4585    Complete BUSCOs (C)    (of which 46 contain internal stop codons)                 |
    |4539    Complete and single-copy BUSCOs (S)                                               |
    |46    Complete and duplicated BUSCOs (D)                                                  |
    |6    Fragmented BUSCOs (F)                                                                |
    |5    Missing BUSCOs (M)                                                                   |
    |4596    Total BUSCO groups searched                                                       |
    -------------------------------------------------------------------------------------------
2026-10-07 07:34:49 INFO:	BUSCO analysis done with WARNING(s). Total running time: 216 seconds

***** Summary of warnings: *****
2026-10-07 07:34:37 WARNING:busco.busco_tools.hmmer	46 of 4585 Complete matches (1.0%) contain internal stop codons in Miniprot gene predictions

2026-10-07 07:34:49 INFO:	Results written in /data/users/mvaldivia/genome_assembly_course/evaluation/busco_genomes/lja
2026-10-07 07:34:49 INFO:	For assistance with interpreting the results, please consult the userguide: https://busco.ezlab.org/busco_userguide.html

2026-10-07 07:34:49 INFO:	Visit this page https://gitlab.com/ezlab/busco#how-to-cite-busco to see how to cite BUSCO
