2026-10-06 23:14:39 INFO:	***** Start a BUSCO v5.7.1 analysis, current time: 10/06/2026 23:14:39 *****
2026-10-06 23:14:39 INFO:	Configuring BUSCO with local environment
2026-10-06 23:14:39 INFO:	Running genome mode
2026-10-06 23:14:40 INFO:	***** Start a BUSCO v5.7.1 analysis, current time: 10/06/2026 23:14:40 *****
2026-10-06 23:14:40 INFO:	Configuring BUSCO with local environment
2026-10-06 23:14:40 INFO:	Running genome mode
2026-10-06 23:14:40 INFO:	Downloading information on latest versions of BUSCO data...
2026-10-06 23:14:42 INFO:	Input file is /data/users/mvaldivia/genome_assembly_course/assemblies/hifiasm/Pa1.bp.p_ctg.fa
2026-10-06 23:14:42 INFO:	Downloading file 'https://busco-data.ezlab.org/v5/data/lineages/brassicales_odb10.2024-01-08.tar.gz'
2026-10-06 23:14:52 INFO:	Decompressing file '/data/users/mvaldivia/busco_downloads/lineages/brassicales_odb10.tar.gz'
2026-10-06 23:15:18 INFO:	Running BUSCO using lineage dataset brassicales_odb10 (eukaryota, 2024-01-08)
2026-10-06 23:15:18 INFO:	Running 1 job(s) on bbtools, starting at 10/06/2026 23:15:18
2026-10-06 23:15:19 INFO:	[bbtools]	1 of 1 task(s) completed
2026-10-06 23:15:19 INFO:	Running 1 job(s) on miniprot_index, starting at 10/06/2026 23:15:19
2026-10-06 23:15:24 INFO:	[miniprot_index]	1 of 1 task(s) completed
2026-10-06 23:15:24 INFO:	Running 1 job(s) on miniprot_align, starting at 10/06/2026 23:15:24
2026-10-06 23:16:13 INFO:	[miniprot_align]	1 of 1 task(s) completed
2026-10-06 23:16:26 INFO:	***** Run HMMER on gene sequences *****
2026-10-06 23:16:40 INFO:	Running 4554 job(s) on hmmsearch, starting at 10/06/2026 23:16:40
2026-10-06 23:17:00 INFO:	[hmmsearch]	456 of 4554 task(s) completed
2026-10-06 23:17:02 INFO:	[hmmsearch]	911 of 4554 task(s) completed
2026-10-06 23:17:06 INFO:	[hmmsearch]	1367 of 4554 task(s) completed
2026-10-06 23:17:08 INFO:	[hmmsearch]	1822 of 4554 task(s) completed
2026-10-06 23:17:10 INFO:	[hmmsearch]	2277 of 4554 task(s) completed
2026-10-06 23:17:13 INFO:	[hmmsearch]	2733 of 4554 task(s) completed
2026-10-06 23:17:16 INFO:	[hmmsearch]	3188 of 4554 task(s) completed
2026-10-06 23:17:20 INFO:	[hmmsearch]	3644 of 4554 task(s) completed
2026-10-06 23:17:24 INFO:	[hmmsearch]	4099 of 4554 task(s) completed
2026-10-06 23:17:30 INFO:	[hmmsearch]	4554 of 4554 task(s) completed
2026-10-06 23:17:36 INFO:	3 candidate overlapping regions found
2026-10-06 23:17:36 INFO:	30806 exons in total
2026-10-06 23:17:39 WARNING:	44 of 4491 Complete matches (1.0%) contain internal stop codons in Miniprot gene predictions
2026-10-06 23:17:42 INFO:	

    -------------------------------------------------------------------------------------------
    |Results from dataset brassicales_odb10                                                    |
    -------------------------------------------------------------------------------------------
    |C:97.7%[S:96.7%,D:1.0%],F:0.2%,M:2.1%,n:4596,E:1.0%                                       |
    |4491    Complete BUSCOs (C)    (of which 44 contain internal stop codons)                 |
    |4444    Complete and single-copy BUSCOs (S)                                               |
    |47    Complete and duplicated BUSCOs (D)                                                  |
    |7    Fragmented BUSCOs (F)                                                                |
    |98    Missing BUSCOs (M)                                                                  |
    |4596    Total BUSCO groups searched                                                       |
    -------------------------------------------------------------------------------------------
2026-10-06 23:17:42 INFO:	BUSCO analysis done with WARNING(s). Total running time: 180 seconds

***** Summary of warnings: *****
2026-10-06 23:17:39 WARNING:busco.busco_tools.hmmer	44 of 4491 Complete matches (1.0%) contain internal stop codons in Miniprot gene predictions

2026-10-06 23:17:42 INFO:	Results written in /data/users/mvaldivia/genome_assembly_course/evaluation/busco_genomes/hifiasm
2026-10-06 23:17:42 INFO:	For assistance with interpreting the results, please consult the userguide: https://busco.ezlab.org/busco_userguide.html

2026-10-06 23:17:42 INFO:	Visit this page https://gitlab.com/ezlab/busco#how-to-cite-busco to see how to cite BUSCO
2026-10-06 23:17:45 INFO:	***** Start a BUSCO v5.7.1 analysis, current time: 10/06/2026 23:17:45 *****
2026-10-06 23:17:45 INFO:	Configuring BUSCO with local environment
2026-10-06 23:17:45 INFO:	Running genome mode
2026-10-06 23:17:45 INFO:	Downloading information on latest versions of BUSCO data...
2026-10-06 23:17:47 INFO:	Input file is /data/users/mvaldivia/genome_assembly_course/assemblies/lja/assembly.fasta
2026-10-06 23:17:48 INFO:	Running BUSCO using lineage dataset brassicales_odb10 (eukaryota, 2024-01-08)
2026-10-06 23:17:48 INFO:	Running 1 job(s) on bbtools, starting at 10/06/2026 23:17:48
2026-10-06 23:17:50 INFO:	[bbtools]	1 of 1 task(s) completed
2026-10-06 23:17:50 INFO:	Running 1 job(s) on miniprot_index, starting at 10/06/2026 23:17:50
2026-10-06 23:17:55 INFO:	[miniprot_index]	1 of 1 task(s) completed
2026-10-06 23:17:55 INFO:	Running 1 job(s) on miniprot_align, starting at 10/06/2026 23:17:55
2026-10-06 23:18:39 INFO:	[miniprot_align]	1 of 1 task(s) completed
2026-10-06 23:18:51 INFO:	***** Run HMMER on gene sequences *****
2026-10-06 23:19:06 INFO:	Running 4596 job(s) on hmmsearch, starting at 10/06/2026 23:19:06
2026-10-06 23:19:27 INFO:	[hmmsearch]	460 of 4596 task(s) completed
2026-10-06 23:19:30 INFO:	[hmmsearch]	920 of 4596 task(s) completed
2026-10-06 23:19:33 INFO:	[hmmsearch]	1379 of 4596 task(s) completed
2026-10-06 23:19:36 INFO:	[hmmsearch]	1839 of 4596 task(s) completed
2026-10-06 23:19:39 INFO:	[hmmsearch]	2299 of 4596 task(s) completed
2026-10-06 23:19:42 INFO:	[hmmsearch]	2758 of 4596 task(s) completed
2026-10-06 23:19:46 INFO:	[hmmsearch]	3218 of 4596 task(s) completed
2026-10-06 23:19:50 INFO:	[hmmsearch]	3677 of 4596 task(s) completed
2026-10-06 23:19:54 INFO:	[hmmsearch]	4137 of 4596 task(s) completed
2026-10-06 23:20:02 INFO:	[hmmsearch]	4596 of 4596 task(s) completed
2026-10-06 23:20:08 INFO:	3 candidate overlapping regions found
2026-10-06 23:20:08 INFO:	31433 exons in total
2026-10-06 23:20:11 WARNING:	46 of 4585 Complete matches (1.0%) contain internal stop codons in Miniprot gene predictions
2026-10-06 23:20:13 INFO:	

    -------------------------------------------------------------------------------------------
    |Results from dataset brassicales_odb10                                                    |
    -------------------------------------------------------------------------------------------
    |C:99.8%[S:98.8%,D:1.0%],F:0.1%,M:0.1%,n:4596,E:1.0%                                       |
    |4585    Complete BUSCOs (C)    (of which 46 contain internal stop codons)                 |
    |4539    Complete and single-copy BUSCOs (S)                                               |
    |46    Complete and duplicated BUSCOs (D)                                                  |
    |6    Fragmented BUSCOs (F)                                                                |
    |5    Missing BUSCOs (M)                                                                   |
    |4596    Total BUSCO groups searched                                                       |
    -------------------------------------------------------------------------------------------
2026-10-06 23:20:13 INFO:	BUSCO analysis done with WARNING(s). Total running time: 146 seconds

***** Summary of warnings: *****
2026-10-06 23:20:11 WARNING:busco.busco_tools.hmmer	46 of 4585 Complete matches (1.0%) contain internal stop codons in Miniprot gene predictions

2026-10-06 23:20:13 INFO:	Results written in /data/users/mvaldivia/genome_assembly_course/evaluation/busco_genomes/lja
2026-10-06 23:20:13 INFO:	For assistance with interpreting the results, please consult the userguide: https://busco.ezlab.org/busco_userguide.html

2026-10-06 23:20:13 INFO:	Visit this page https://gitlab.com/ezlab/busco#how-to-cite-busco to see how to cite BUSCO
