2026-10-07 07:51:17 INFO:	***** Start a BUSCO v5.7.1 analysis, current time: 10/07/2026 07:51:17 *****
2026-10-07 07:51:17 INFO:	Configuring BUSCO with local environment
2026-10-07 07:51:17 INFO:	Running genome mode
2026-10-07 07:51:19 INFO:	***** Start a BUSCO v5.7.1 analysis, current time: 10/07/2026 07:51:19 *****
2026-10-07 07:51:19 INFO:	Configuring BUSCO with local environment
2026-10-07 07:51:19 INFO:	Running genome mode
2026-10-07 07:51:20 INFO:	***** Start a BUSCO v5.7.1 analysis, current time: 10/07/2026 07:51:20 *****
2026-10-07 07:51:20 INFO:	Configuring BUSCO with local environment
2026-10-07 07:51:20 INFO:	Running genome mode
2026-10-07 07:51:20 INFO:	'Force' option selected; overwriting previous results directory
2026-10-07 07:53:22 INFO:	Downloading information on latest versions of BUSCO data...
2026-10-07 07:53:24 INFO:	Input file is /data/users/mvaldivia/genome_assembly_course/assemblies/lja/assembly.fasta
2026-10-07 07:53:25 INFO:	Running BUSCO using lineage dataset brassicales_odb10 (eukaryota, 2024-01-08)
2026-10-07 07:53:25 INFO:	Running 1 job(s) on bbtools, starting at 10/07/2026 07:53:25
2026-10-07 07:53:27 INFO:	[bbtools]	1 of 1 task(s) completed
2026-10-07 07:53:27 INFO:	Running 1 job(s) on miniprot_index, starting at 10/07/2026 07:53:27
2026-10-07 07:53:31 INFO:	[miniprot_index]	1 of 1 task(s) completed
2026-10-07 07:53:31 INFO:	Running 1 job(s) on miniprot_align, starting at 10/07/2026 07:53:31
2026-10-07 07:54:16 INFO:	[miniprot_align]	1 of 1 task(s) completed
2026-10-07 07:54:27 INFO:	***** Run HMMER on gene sequences *****
2026-10-07 07:54:42 INFO:	Running 4596 job(s) on hmmsearch, starting at 10/07/2026 07:54:42
2026-10-07 07:55:04 INFO:	[hmmsearch]	460 of 4596 task(s) completed
2026-10-07 07:55:07 INFO:	[hmmsearch]	920 of 4596 task(s) completed
2026-10-07 07:55:17 INFO:	[hmmsearch]	1839 of 4596 task(s) completed
2026-10-07 07:55:22 INFO:	[hmmsearch]	2299 of 4596 task(s) completed
2026-10-07 07:55:28 INFO:	[hmmsearch]	2758 of 4596 task(s) completed
2026-10-07 07:55:36 INFO:	[hmmsearch]	3218 of 4596 task(s) completed
2026-10-07 07:55:43 INFO:	[hmmsearch]	3677 of 4596 task(s) completed
2026-10-07 07:55:51 INFO:	[hmmsearch]	4137 of 4596 task(s) completed
2026-10-07 07:55:59 INFO:	[hmmsearch]	4596 of 4596 task(s) completed
2026-10-07 07:56:06 INFO:	3 candidate overlapping regions found
2026-10-07 07:56:06 INFO:	31433 exons in total
2026-10-07 07:56:09 WARNING:	46 of 4585 Complete matches (1.0%) contain internal stop codons in Miniprot gene predictions
2026-10-07 07:56:14 INFO:	

    -------------------------------------------------------------------------------------------
    |Results from dataset brassicales_odb10                                                    |
    -------------------------------------------------------------------------------------------
    |C:99.8%[S:98.8%,D:1.0%],F:0.1%,M:0.1%,n:4596,E:1.0%                                       |
    |4585    Complete BUSCOs (C)    (of which 46 contain internal stop codons)                 |
    |4539    Complete and single-copy BUSCOs (S)                                               |
    |46    Complete and duplicated BUSCOs (D)                                                  |
    |6    Fragmented BUSCOs (F)                                                                |
    |5    Missing BUSCOs (M)                                                                   |
    |4596    Total BUSCO groups searched                                                       |
    -------------------------------------------------------------------------------------------
2026-10-07 07:56:14 INFO:	BUSCO analysis done with WARNING(s). Total running time: 169 seconds

***** Summary of warnings: *****
2026-10-07 07:56:09 WARNING:busco.busco_tools.hmmer	46 of 4585 Complete matches (1.0%) contain internal stop codons in Miniprot gene predictions

2026-10-07 07:56:14 INFO:	Results written in /data/users/mvaldivia/genome_assembly_course/evaluation/busco_genomes/lja
2026-10-07 07:56:14 INFO:	For assistance with interpreting the results, please consult the userguide: https://busco.ezlab.org/busco_userguide.html

2026-10-07 07:56:14 INFO:	Visit this page https://gitlab.com/ezlab/busco#how-to-cite-busco to see how to cite BUSCO
